// Jest Snapshot v1, https://goo.gl/fbAQLP

exports[`Header renders 1`] = `
<View
  style={
    Object {
      "alignItems": "center",
      "backgroundColor": "lightgrey",
      "borderBottomColor": "grey",
      "borderBottomWidth": 0.5,
      "height": 100,
      "justifyContent": "flex-end",
      "paddingBottom": 15,
    }
  }
>
  <Text
    style={
      Object {
        "fontSize": 20,
        "fontWeight": "bold",
      }
    }
  >
    Contacts
  </Text>
</View>
`;
